
> daryeel-website@0.1.0 build
> next build

▲ Next.js 16.2.6 (Turbopack)

  Creating an optimized production build ...
✓ Compiled successfully in 6.5s
  Running TypeScript ...
  Finished TypeScript in 5.8s ...
  Collecting page data using 3 workers ...
  Generating static pages using 3 workers (0/10) ...
  Generating static pages using 3 workers (2/10)
  Generating static pages using 3 workers (4/10)
  Generating static pages using 3 workers (7/10)
✓ Generating static pages using 3 workers (10/10) in 653ms
  Finalizing page optimization ...

Route (app)
┌ ○ /
├ ○ /_not-found
├ ○ /about
├ ○ /contact
├ ○ /donate
├ ○ /gallery
├ ○ /impact
└ ○ /programs


○  (Static)  prerendered as static content
